[36mvite v7.3.1 [32mbuilding client environment for production...[36m[39m
transforming...
[32m鉁?[39m 41 modules transformed.
node.exe : [31m鉁?[39m Build failed in 385ms
所在位置 行:1 字符: 1
+ & "C:\Program Files\nodejs/node.exe" "C:\Program Files\
nodejs/node_mo ...
+ ~~~~~~~~~~~~~~~~~~~~~~~~~~~~~~~~~~~~~~~~~~~~~~~~~~~~~~~
~~~~~~~~~~~~~~
    + CategoryInfo          : NotSpecified: ([31m鉁?[39m 
    Build failed in 385ms:String) [], RemoteException
    + FullyQualifiedErrorId : NativeCommandError
 
[31merror during build:
[31mCould not resolve "./LogoUpload.css" from "src/compo
nents/LogoUpload.jsx"[31m
file: [36mC:/Users/lenovo/.gemini/antigravity/scratch/br
and-kit-extractor/src/components/LogoUpload.jsx[31m
    at getRollupError (file:///C:/Users/lenovo/.gemini/an
tigravity/scratch/brand-kit-extractor/node_modules/rollup
/dist/es/shared/parseAst.js:401:41)
    at error (file:///C:/Users/lenovo/.gemini/antigravity
/scratch/brand-kit-extractor/node_modules/rollup/dist/es/
shared/parseAst.js:397:42)
    at ModuleLoader.handleInvalidResolvedId (file:///C:/U
sers/lenovo/.gemini/antigravity/scratch/brand-kit-extract
or/node_modules/rollup/dist/es/shared/node-entry.js:21710
:24)
    at file:///C:/Users/lenovo/.gemini/antigravity/scratc
h/brand-kit-extractor/node_modules/rollup/dist/es/shared/
node-entry.js:21670:26[39m
